// Jest Snapshot v1, https://goo.gl/fbAQLP

exports[`Component - Header should render the Header snapshot 1`] = `
ShallowWrapper {
  Symbol(enzyme.__root__): [Circular],
  Symbol(enzyme.__unrendered__): <Header />,
  Symbol(enzyme.__renderer__): Object {
    "batchedUpdates": [Function],
    "getNode": [Function],
    "render": [Function],
    "simulateError": [Function],
    "simulateEvent": [Function],
    "unmount": [Function],
  },
  Symbol(enzyme.__node__): Object {
    "instance": null,
    "key": undefined,
    "nodeType": "host",
    "props": Object {
      "children": <h1
        className="app-header__logo"
      >
        Crypto Tracker
      </h1>,
      "className": "col-sm-12 app-header__content",
    },
    "ref": null,
    "rendered": Object {
      "instance": null,
      "key": undefined,
      "nodeType": "host",
      "props": Object {
        "children": "Crypto Tracker",
        "className": "app-header__logo",
      },
      "ref": null,
      "rendered": "Crypto Tracker",
      "type": "h1",
    },
    "type": "header",
  },
  Symbol(enzyme.__nodes__): Array [
    Object {
      "instance": null,
      "key": undefined,
      "nodeType": "host",
      "props": Object {
        "children": <h1
          className="app-header__logo"
        >
          Crypto Tracker
        </h1>,
        "className": "col-sm-12 app-header__content",
      },
      "ref": null,
      "rendered": Object {
        "instance": null,
        "key": undefined,
        "nodeType": "host",
        "props": Object {
          "children": "Crypto Tracker",
          "className": "app-header__logo",
        },
        "ref": null,
        "rendered": "Crypto Tracker",
        "type": "h1",
      },
      "type": "header",
    },
  ],
  Symbol(enzyme.__options__): Object {
    "adapter": ReactSixteenAdapter {
      "options": Object {
        "enableComponentDidUpdateOnSetState": true,
        "lifecycles": Object {
          "componentDidUpdate": Object {
            "onSetState": true,
          },
          "getDerivedStateFromProps": true,
          "getSnapshotBeforeUpdate": true,
          "setState": Object {
            "skipsComponentDidUpdateOnNullish": true,
          },
        },
      },
    },
  },
}
`;
