// Jest Snapshot v1, https://goo.gl/fbAQLP

exports[`Component - CryptoTracker should render the CryptoTracker snapshot 1`] = `
ShallowWrapper {
  Symbol(enzyme.__root__): [Circular],
  Symbol(enzyme.__unrendered__): <CryptoTracker
    currencies={
      Immutable.List [
        Immutable.Map {
          "vol_24hr_pcnt": "-27.21",
          "last_price": "9705.18401230",
          "success": true,
          "utc_date": "2020-02-22 21:41:01",
          "coin_id": "BTC",
          "currency": "USD",
          "volume_24hr": "4126767296",
          "time_stamp": "1582407661",
          "price_24hr_pcnt": "0.50",
          "currency_name": "United States Dollar",
          "coin_name": "Bitcoin",
          "source": "BraveNewCoin",
        },
        Immutable.Map {
          "vol_24hr_pcnt": "-27.21",
          "last_price": "9705.18401230",
          "success": true,
          "utc_date": "2020-02-22 21:41:01",
          "coin_id": "BhC",
          "currency": "USD",
          "volume_24hr": "4126767296",
          "time_stamp": "1582407661",
          "price_24hr_pcnt": "0.50",
          "currency_name": "United States Dollar",
          "coin_name": "Bitcoin",
          "source": "BraveNewCoin",
        },
      ]
    }
    loadCurrencies={
      [MockFunction] {
        "calls": Array [
          Array [
            Array [
              "btc",
              "bch",
              "ltc",
              "usdt",
              "jana",
            ],
          ],
        ],
        "results": Array [
          Object {
            "isThrow": false,
            "value": undefined,
          },
        ],
      }
    }
  />,
  Symbol(enzyme.__renderer__): Object {
    "batchedUpdates": [Function],
    "getNode": [Function],
    "render": [Function],
    "simulateError": [Function],
    "simulateEvent": [Function],
    "unmount": [Function],
  },
  Symbol(enzyme.__node__): Object {
    "instance": null,
    "key": undefined,
    "nodeType": "host",
    "props": Object {
      "children": <div
        className="container crypto-app__tbody"
      >
        <div
          className="row crypto-app__t-row"
        >
          <div
            className="col crypto-app__t-col"
          >
            <strong>
              Coin Name
            </strong>
          </div>
          <div
            className="col crypto-app__t-col"
          >
            <strong>
              Symbol
            </strong>
          </div>
          <div
            className="col crypto-app__t-col"
          >
            <strong>
              Latest Price
            </strong>
          </div>
          <div
            className="col crypto-app__t-col"
          />
        </div>
        Immutable.List [
          <div
            className="row crypto-app__t-row crypto-app__loading"
          >
            <div
              className="spinner-border"
            />
          </div>,
          <div
            className="row crypto-app__t-row crypto-app__loading"
          >
            <div
              className="spinner-border"
            />
          </div>,
        ]
      </div>,
      "className": "row crypto-app",
    },
    "ref": null,
    "rendered": Object {
      "instance": null,
      "key": undefined,
      "nodeType": "host",
      "props": Object {
        "children": Array [
          <div
            className="row crypto-app__t-row"
          >
            <div
              className="col crypto-app__t-col"
            >
              <strong>
                Coin Name
              </strong>
            </div>
            <div
              className="col crypto-app__t-col"
            >
              <strong>
                Symbol
              </strong>
            </div>
            <div
              className="col crypto-app__t-col"
            >
              <strong>
                Latest Price
              </strong>
            </div>
            <div
              className="col crypto-app__t-col"
            />
          </div>,
          Immutable.List [
            <div
              className="row crypto-app__t-row crypto-app__loading"
            >
              <div
                className="spinner-border"
              />
            </div>,
            <div
              className="row crypto-app__t-row crypto-app__loading"
            >
              <div
                className="spinner-border"
              />
            </div>,
          ],
        ],
        "className": "container crypto-app__tbody",
      },
      "ref": null,
      "rendered": Array [
        Object {
          "instance": null,
          "key": undefined,
          "nodeType": "host",
          "props": Object {
            "children": Array [
              <div
                className="col crypto-app__t-col"
              >
                <strong>
                  Coin Name
                </strong>
              </div>,
              <div
                className="col crypto-app__t-col"
              >
                <strong>
                  Symbol
                </strong>
              </div>,
              <div
                className="col crypto-app__t-col"
              >
                <strong>
                  Latest Price
                </strong>
              </div>,
              <div
                className="col crypto-app__t-col"
              />,
            ],
            "className": "row crypto-app__t-row",
          },
          "ref": null,
          "rendered": Array [
            Object {
              "instance": null,
              "key": undefined,
              "nodeType": "host",
              "props": Object {
                "children": <strong>
                  Coin Name
                </strong>,
                "className": "col crypto-app__t-col",
              },
              "ref": null,
              "rendered": Object {
                "instance": null,
                "key": undefined,
                "nodeType": "host",
                "props": Object {
                  "children": "Coin Name",
                },
                "ref": null,
                "rendered": "Coin Name",
                "type": "strong",
              },
              "type": "div",
            },
            Object {
              "instance": null,
              "key": undefined,
              "nodeType": "host",
              "props": Object {
                "children": <strong>
                  Symbol
                </strong>,
                "className": "col crypto-app__t-col",
              },
              "ref": null,
              "rendered": Object {
                "instance": null,
                "key": undefined,
                "nodeType": "host",
                "props": Object {
                  "children": "Symbol",
                },
                "ref": null,
                "rendered": "Symbol",
                "type": "strong",
              },
              "type": "div",
            },
            Object {
              "instance": null,
              "key": undefined,
              "nodeType": "host",
              "props": Object {
                "children": <strong>
                  Latest Price
                </strong>,
                "className": "col crypto-app__t-col",
              },
              "ref": null,
              "rendered": Object {
                "instance": null,
                "key": undefined,
                "nodeType": "host",
                "props": Object {
                  "children": "Latest Price",
                },
                "ref": null,
                "rendered": "Latest Price",
                "type": "strong",
              },
              "type": "div",
            },
            Object {
              "instance": null,
              "key": undefined,
              "nodeType": "host",
              "props": Object {
                "className": "col crypto-app__t-col",
              },
              "ref": null,
              "rendered": null,
              "type": "div",
            },
          ],
          "type": "div",
        },
        Object {
          "instance": null,
          "key": undefined,
          "nodeType": "host",
          "props": Object {
            "children": <div
              className="spinner-border"
            />,
            "className": "row crypto-app__t-row crypto-app__loading",
          },
          "ref": null,
          "rendered": Object {
            "instance": null,
            "key": undefined,
            "nodeType": "host",
            "props": Object {
              "className": "spinner-border",
            },
            "ref": null,
            "rendered": null,
            "type": "div",
          },
          "type": "div",
        },
        Object {
          "instance": null,
          "key": undefined,
          "nodeType": "host",
          "props": Object {
            "children": <div
              className="spinner-border"
            />,
            "className": "row crypto-app__t-row crypto-app__loading",
          },
          "ref": null,
          "rendered": Object {
            "instance": null,
            "key": undefined,
            "nodeType": "host",
            "props": Object {
              "className": "spinner-border",
            },
            "ref": null,
            "rendered": null,
            "type": "div",
          },
          "type": "div",
        },
      ],
      "type": "div",
    },
    "type": "div",
  },
  Symbol(enzyme.__nodes__): Array [
    Object {
      "instance": null,
      "key": undefined,
      "nodeType": "host",
      "props": Object {
        "children": <div
          className="container crypto-app__tbody"
        >
          <div
            className="row crypto-app__t-row"
          >
            <div
              className="col crypto-app__t-col"
            >
              <strong>
                Coin Name
              </strong>
            </div>
            <div
              className="col crypto-app__t-col"
            >
              <strong>
                Symbol
              </strong>
            </div>
            <div
              className="col crypto-app__t-col"
            >
              <strong>
                Latest Price
              </strong>
            </div>
            <div
              className="col crypto-app__t-col"
            />
          </div>
          Immutable.List [
            <div
              className="row crypto-app__t-row crypto-app__loading"
            >
              <div
                className="spinner-border"
              />
            </div>,
            <div
              className="row crypto-app__t-row crypto-app__loading"
            >
              <div
                className="spinner-border"
              />
            </div>,
          ]
        </div>,
        "className": "row crypto-app",
      },
      "ref": null,
      "rendered": Object {
        "instance": null,
        "key": undefined,
        "nodeType": "host",
        "props": Object {
          "children": Array [
            <div
              className="row crypto-app__t-row"
            >
              <div
                className="col crypto-app__t-col"
              >
                <strong>
                  Coin Name
                </strong>
              </div>
              <div
                className="col crypto-app__t-col"
              >
                <strong>
                  Symbol
                </strong>
              </div>
              <div
                className="col crypto-app__t-col"
              >
                <strong>
                  Latest Price
                </strong>
              </div>
              <div
                className="col crypto-app__t-col"
              />
            </div>,
            Immutable.List [
              <div
                className="row crypto-app__t-row crypto-app__loading"
              >
                <div
                  className="spinner-border"
                />
              </div>,
              <div
                className="row crypto-app__t-row crypto-app__loading"
              >
                <div
                  className="spinner-border"
                />
              </div>,
            ],
          ],
          "className": "container crypto-app__tbody",
        },
        "ref": null,
        "rendered": Array [
          Object {
            "instance": null,
            "key": undefined,
            "nodeType": "host",
            "props": Object {
              "children": Array [
                <div
                  className="col crypto-app__t-col"
                >
                  <strong>
                    Coin Name
                  </strong>
                </div>,
                <div
                  className="col crypto-app__t-col"
                >
                  <strong>
                    Symbol
                  </strong>
                </div>,
                <div
                  className="col crypto-app__t-col"
                >
                  <strong>
                    Latest Price
                  </strong>
                </div>,
                <div
                  className="col crypto-app__t-col"
                />,
              ],
              "className": "row crypto-app__t-row",
            },
            "ref": null,
            "rendered": Array [
              Object {
                "instance": null,
                "key": undefined,
                "nodeType": "host",
                "props": Object {
                  "children": <strong>
                    Coin Name
                  </strong>,
                  "className": "col crypto-app__t-col",
                },
                "ref": null,
                "rendered": Object {
                  "instance": null,
                  "key": undefined,
                  "nodeType": "host",
                  "props": Object {
                    "children": "Coin Name",
                  },
                  "ref": null,
                  "rendered": "Coin Name",
                  "type": "strong",
                },
                "type": "div",
              },
              Object {
                "instance": null,
                "key": undefined,
                "nodeType": "host",
                "props": Object {
                  "children": <strong>
                    Symbol
                  </strong>,
                  "className": "col crypto-app__t-col",
                },
                "ref": null,
                "rendered": Object {
                  "instance": null,
                  "key": undefined,
                  "nodeType": "host",
                  "props": Object {
                    "children": "Symbol",
                  },
                  "ref": null,
                  "rendered": "Symbol",
                  "type": "strong",
                },
                "type": "div",
              },
              Object {
                "instance": null,
                "key": undefined,
                "nodeType": "host",
                "props": Object {
                  "children": <strong>
                    Latest Price
                  </strong>,
                  "className": "col crypto-app__t-col",
                },
                "ref": null,
                "rendered": Object {
                  "instance": null,
                  "key": undefined,
                  "nodeType": "host",
                  "props": Object {
                    "children": "Latest Price",
                  },
                  "ref": null,
                  "rendered": "Latest Price",
                  "type": "strong",
                },
                "type": "div",
              },
              Object {
                "instance": null,
                "key": undefined,
                "nodeType": "host",
                "props": Object {
                  "className": "col crypto-app__t-col",
                },
                "ref": null,
                "rendered": null,
                "type": "div",
              },
            ],
            "type": "div",
          },
          Object {
            "instance": null,
            "key": undefined,
            "nodeType": "host",
            "props": Object {
              "children": <div
                className="spinner-border"
              />,
              "className": "row crypto-app__t-row crypto-app__loading",
            },
            "ref": null,
            "rendered": Object {
              "instance": null,
              "key": undefined,
              "nodeType": "host",
              "props": Object {
                "className": "spinner-border",
              },
              "ref": null,
              "rendered": null,
              "type": "div",
            },
            "type": "div",
          },
          Object {
            "instance": null,
            "key": undefined,
            "nodeType": "host",
            "props": Object {
              "children": <div
                className="spinner-border"
              />,
              "className": "row crypto-app__t-row crypto-app__loading",
            },
            "ref": null,
            "rendered": Object {
              "instance": null,
              "key": undefined,
              "nodeType": "host",
              "props": Object {
                "className": "spinner-border",
              },
              "ref": null,
              "rendered": null,
              "type": "div",
            },
            "type": "div",
          },
        ],
        "type": "div",
      },
      "type": "div",
    },
  ],
  Symbol(enzyme.__options__): Object {
    "adapter": ReactSixteenAdapter {
      "options": Object {
        "enableComponentDidUpdateOnSetState": true,
        "lifecycles": Object {
          "componentDidUpdate": Object {
            "onSetState": true,
          },
          "getDerivedStateFromProps": true,
          "getSnapshotBeforeUpdate": true,
          "setState": Object {
            "skipsComponentDidUpdateOnNullish": true,
          },
        },
      },
    },
  },
}
`;
